127.0.0.1 - - [25/May/2020:16:02:30 +0900] "GET / HTTP/1.1" 404 807
192.168.0.2 - - [25/May/2020:16:02:37 +0900] "GET /emp/list HTTP/1.1" 500 1250
192.168.0.2 - - [25/May/2020:16:02:43 +0900] "GET /emp/list HTTP/1.1" 500 1250
192.168.0.2 - - [25/May/2020:16:03:33 +0900] "GET /emp/list HTTP/1.1" 500 1250
192.168.0.2 - - [25/May/2020:16:03:34 +0900] "GET /emp/list HTTP/1.1" 500 1250
127.0.0.1 - - [25/May/2020:16:06:54 +0900] "GET / HTTP/1.1" 404 807
192.168.0.2 - - [25/May/2020:16:06:55 +0900] "GET /emp/list HTTP/1.1" 404 830
192.168.0.2 - - [25/May/2020:16:07:28 +0900] "GET /emp/list HTTP/1.1" 200 2364
192.168.0.2 - - [25/May/2020:16:09:41 +0900] "GET /emp/list HTTP/1.1" 200 2364
127.0.0.1 - - [25/May/2020:16:09:46 +0900] "GET / HTTP/1.1" 404 807
192.168.0.2 - - [25/May/2020:16:09:46 +0900] "GET /emp/list HTTP/1.1" 200 2364
192.168.0.2 - - [25/May/2020:16:09:47 +0900] "GET /emp/list HTTP/1.1" 200 2364
192.168.0.2 - - [25/May/2020:16:11:56 +0900] "GET /emp/list HTTP/1.1" 200 2364
127.0.0.1 - - [25/May/2020:16:12:02 +0900] "GET / HTTP/1.1" 404 807
192.168.0.2 - - [25/May/2020:16:12:05 +0900] "GET /emp/list HTTP/1.1" 200 2445
127.0.0.1 - - [25/May/2020:16:14:04 +0900] "GET / HTTP/1.1" 404 807
192.168.0.2 - - [25/May/2020:16:14:08 +0900] "GET /emp/list HTTP/1.1" 200 2451
127.0.0.1 - - [25/May/2020:16:14:36 +0900] "GET / HTTP/1.1" 404 807
127.0.0.1 - - [25/May/2020:16:14:45 +0900] "GET / HTTP/1.1" 404 807
192.168.0.2 - - [25/May/2020:16:14:47 +0900] "GET /emp/list HTTP/1.1" 200 2453
127.0.0.1 - - [25/May/2020:16:15:13 +0900] "GET / HTTP/1.1" 404 807
192.168.0.2 - - [25/May/2020:16:15:29 +0900] "GET /emp/list HTTP/1.1" 200 2459
127.0.0.1 - - [25/May/2020:16:16:46 +0900] "GET / HTTP/1.1" 404 807
192.168.0.2 - - [25/May/2020:16:16:50 +0900] "GET /emp/list HTTP/1.1" 200 2726
127.0.0.1 - - [25/May/2020:16:17:05 +0900] "GET / HTTP/1.1" 404 807
192.168.0.2 - - [25/May/2020:16:17:08 +0900] "GET /emp/list HTTP/1.1" 200 2728
127.0.0.1 - - [25/May/2020:16:17:52 +0900] "GET / HTTP/1.1" 404 807
192.168.0.2 - - [25/May/2020:16:17:56 +0900] "GET /emp/list HTTP/1.1" 200 2707
192.168.0.2 - - [25/May/2020:16:17:56 +0900] "GET /emp/list HTTP/1.1" 200 2707
192.168.0.2 - - [25/May/2020:16:17:57 +0900] "GET /emp/list HTTP/1.1" 200 2707
127.0.0.1 - - [25/May/2020:16:24:15 +0900] "GET / HTTP/1.1" 404 807
192.168.0.2 - - [25/May/2020:16:24:17 +0900] "GET /emp/list HTTP/1.1" 200 2724
192.168.0.2 - - [25/May/2020:16:24:17 +0900] "GET /emp/list HTTP/1.1" 200 2724
192.168.0.2 - - [25/May/2020:16:24:17 +0900] "GET /emp/list HTTP/1.1" 200 2724
127.0.0.1 - - [25/May/2020:16:25:13 +0900] "GET / HTTP/1.1" 404 807
192.168.0.2 - - [25/May/2020:16:25:15 +0900] "GET /emp/list HTTP/1.1" 200 2737
192.168.0.2 - - [25/May/2020:16:25:15 +0900] "GET /emp/list HTTP/1.1" 200 2737
192.168.0.2 - - [25/May/2020:16:25:16 +0900] "GET /emp/list HTTP/1.1" 200 2737
127.0.0.1 - - [25/May/2020:16:25:53 +0900] "GET / HTTP/1.1" 404 807
192.168.0.2 - - [25/May/2020:16:25:53 +0900] "GET /emp/list HTTP/1.1" 200 2746
127.0.0.1 - - [25/May/2020:16:27:07 +0900] "GET / HTTP/1.1" 404 807
192.168.0.2 - - [25/May/2020:16:27:09 +0900] "GET /emp/list HTTP/1.1" 200 2792
192.168.0.2 - - [25/May/2020:16:27:10 +0900] "GET /emp/list HTTP/1.1" 200 2792
192.168.0.2 - - [25/May/2020:16:27:20 +0900] "GET /emp/list HTTP/1.1" 200 2739
192.168.0.2 - - [25/May/2020:16:36:18 +0900] "GET /emp/list HTTP/1.1" 200 2918
192.168.0.2 - - [25/May/2020:16:37:44 +0900] "GET /emp/list HTTP/1.1" 200 2924
127.0.0.1 - - [25/May/2020:16:37:49 +0900] "GET / HTTP/1.1" 404 807
192.168.0.2 - - [25/May/2020:16:37:49 +0900] "GET /emp/list HTTP/1.1" 200 3200
192.168.0.2 - - [25/May/2020:16:37:51 +0900] "GET /emp/detail/ HTTP/1.1" 404 826
192.168.0.2 - - [25/May/2020:16:38:48 +0900] "GET /emp/list HTTP/1.1" 200 3296
127.0.0.1 - - [25/May/2020:16:38:52 +0900] "GET / HTTP/1.1" 404 807
192.168.0.2 - - [25/May/2020:16:38:54 +0900] "GET /emp/list HTTP/1.1" 200 3296
192.168.0.2 - - [25/May/2020:16:39:29 +0900] "GET /emp/list HTTP/1.1" 200 3296
192.168.0.2 - - [25/May/2020:16:39:30 +0900] "GET /emp/detail?eno=7369 HTTP/1.1" 404 821
192.168.0.2 - - [25/May/2020:16:44:02 +0900] "GET /emp/list HTTP/1.1" 200 3296
127.0.0.1 - - [25/May/2020:16:46:08 +0900] "GET / HTTP/1.1" 404 807
192.168.0.2 - - [25/May/2020:16:46:10 +0900] "GET /emp/detail?eno=7369 HTTP/1.1" 200 -
127.0.0.1 - - [25/May/2020:16:46:33 +0900] "GET / HTTP/1.1" 404 807
192.168.0.2 - - [25/May/2020:16:46:37 +0900] "GET /emp/detail?eno=7369 HTTP/1.1" 200 -
127.0.0.1 - - [25/May/2020:16:49:43 +0900] "GET / HTTP/1.1" 404 807
192.168.0.2 - - [25/May/2020:16:49:44 +0900] "GET /emp/detail?eno=7369 HTTP/1.1" 200 -
192.168.0.2 - - [25/May/2020:16:51:30 +0900] "GET /emp/detail?eno=7369 HTTP/1.1" 200 -
127.0.0.1 - - [25/May/2020:16:51:34 +0900] "GET / HTTP/1.1" 404 807
192.168.0.2 - - [25/May/2020:16:51:34 +0900] "GET /emp/detail?eno=7369 HTTP/1.1" 200 -
127.0.0.1 - - [25/May/2020:16:54:56 +0900] "GET / HTTP/1.1" 404 807
192.168.0.2 - - [25/May/2020:16:54:57 +0900] "GET /emp/detail?eno=7369 HTTP/1.1" 200 -
192.168.0.2 - - [25/May/2020:16:54:58 +0900] "GET /emp/detail?eno=7369 HTTP/1.1" 200 -
192.168.0.2 - - [25/May/2020:16:54:58 +0900] "GET /emp/detail?eno=7369 HTTP/1.1" 200 -
192.168.0.2 - - [25/May/2020:16:54:58 +0900] "GET /emp/detail?eno=7369 HTTP/1.1" 200 -
127.0.0.1 - - [25/May/2020:17:10:21 +0900] "GET / HTTP/1.1" 404 807
192.168.0.2 - - [25/May/2020:17:10:22 +0900] "GET /emp/detail?eno=7369 HTTP/1.1" 200 -
192.168.0.2 - - [25/May/2020:17:10:23 +0900] "GET /emp/detail?eno=7369 HTTP/1.1" 200 -
192.168.0.2 - - [25/May/2020:17:10:24 +0900] "GET /emp/detail?eno=7369 HTTP/1.1" 200 -
192.168.0.2 - - [25/May/2020:17:10:24 +0900] "GET /emp/detail?eno=7369 HTTP/1.1" 200 -
192.168.0.2 - - [25/May/2020:17:10:24 +0900] "GET /emp/detail?eno=7369 HTTP/1.1" 200 -
192.168.0.2 - - [25/May/2020:17:10:24 +0900] "GET /emp/detail?eno=7369 HTTP/1.1" 200 -
192.168.0.2 - - [25/May/2020:17:10:24 +0900] "GET /emp/detail?eno=7369 HTTP/1.1" 200 -
192.168.0.2 - - [25/May/2020:17:10:25 +0900] "GET /emp/detail?eno=7369 HTTP/1.1" 200 -
192.168.0.2 - - [25/May/2020:17:10:33 +0900] "GET /emp/detail?eno=7369 HTTP/1.1" 200 -
127.0.0.1 - - [25/May/2020:17:10:36 +0900] "GET / HTTP/1.1" 404 807
192.168.0.2 - - [25/May/2020:17:10:37 +0900] "GET /emp/detail?eno=7369 HTTP/1.1" 200 -
192.168.0.2 - - [25/May/2020:17:10:39 +0900] "GET /emp/detail?eno=7369 HTTP/1.1" 200 -
192.168.0.2 - - [25/May/2020:17:11:24 +0900] "GET /emp/detail HTTP/1.1" 200 -
192.168.0.2 - - [25/May/2020:17:11:30 +0900] "GET /emp/ HTTP/1.1" 404 815
192.168.0.2 - - [25/May/2020:17:11:34 +0900] "GET /emp/detail HTTP/1.1" 200 -
192.168.0.2 - - [25/May/2020:17:12:18 +0900] "GET /emp/detail HTTP/1.1" 200 -
192.168.0.2 - - [25/May/2020:17:12:32 +0900] "GET /emp/list HTTP/1.1" 200 3296
192.168.0.2 - - [25/May/2020:17:12:34 +0900] "GET /emp/detail?eno=7369 HTTP/1.1" 200 -
192.168.0.2 - - [25/May/2020:17:12:39 +0900] "GET /emp/detail?eno=7369 HTTP/1.1" 200 -
192.168.0.2 - - [25/May/2020:17:15:35 +0900] "GET /emp/detail?eno=7369 HTTP/1.1" 200 -
127.0.0.1 - - [25/May/2020:17:15:39 +0900] "GET / HTTP/1.1" 404 807
192.168.0.2 - - [25/May/2020:17:15:40 +0900] "GET /emp/detail?eno=7369 HTTP/1.1" 200 -
192.168.0.2 - - [25/May/2020:17:15:41 +0900] "GET /emp/detail?eno=7369 HTTP/1.1" 200 -
192.168.0.2 - - [25/May/2020:17:17:00 +0900] "GET /emp/detail?eno=7369 HTTP/1.1" 200 -
127.0.0.1 - - [25/May/2020:17:17:04 +0900] "GET / HTTP/1.1" 404 807
192.168.0.2 - - [25/May/2020:17:17:04 +0900] "GET /emp/detail?eno=7369 HTTP/1.1" 200 -
127.0.0.1 - - [25/May/2020:17:17:27 +0900] "GET / HTTP/1.1" 404 807
192.168.0.2 - - [25/May/2020:17:17:28 +0900] "GET /emp/detail?eno=7369 HTTP/1.1" 200 -
127.0.0.1 - - [25/May/2020:17:18:39 +0900] "GET / HTTP/1.1" 404 807
192.168.0.2 - - [25/May/2020:17:18:59 +0900] "GET /emp/detail?eno=7369 HTTP/1.1" 200 -
192.168.0.2 - - [25/May/2020:17:19:47 +0900] "GET /emp/detail?eno=7369 HTTP/1.1" 200 -
127.0.0.1 - - [25/May/2020:17:19:47 +0900] "GET / HTTP/1.1" 404 807
192.168.0.2 - - [25/May/2020:17:19:48 +0900] "GET /emp/detail?eno=7369 HTTP/1.1" 200 -
192.168.0.2 - - [25/May/2020:17:19:52 +0900] "GET /emp/list HTTP/1.1" 200 3296
192.168.0.2 - - [25/May/2020:17:19:53 +0900] "GET /emp/detail?eno=7369 HTTP/1.1" 200 -
192.168.0.2 - - [25/May/2020:17:21:05 +0900] "GET /emp/detail?eno=7369 HTTP/1.1" 200 -
127.0.0.1 - - [25/May/2020:17:21:09 +0900] "GET / HTTP/1.1" 404 807
192.168.0.2 - - [25/May/2020:17:21:10 +0900] "GET /emp/detail?eno=7369 HTTP/1.1" 200 -
192.168.0.2 - - [25/May/2020:17:28:16 +0900] "GET /emp/detail?eno=7369 HTTP/1.1" 200 -
127.0.0.1 - - [25/May/2020:17:28:20 +0900] "GET / HTTP/1.1" 404 807
192.168.0.2 - - [25/May/2020:17:28:21 +0900] "GET /emp/detail?eno=7369 HTTP/1.1" 200 -
192.168.0.2 - - [25/May/2020:17:28:22 +0900] "GET /emp/detail?eno=7369 HTTP/1.1" 200 -
192.168.0.2 - - [25/May/2020:17:28:31 +0900] "GET /emp/detail?eno=7369 HTTP/1.1" 200 -
192.168.0.2 - - [25/May/2020:17:29:14 +0900] "GET /emp/detail?eno=7369 HTTP/1.1" 200 -
192.168.0.2 - - [25/May/2020:17:29:37 +0900] "GET /emp/detail?eno=7369 HTTP/1.1" 200 -
192.168.0.2 - - [25/May/2020:17:29:40 +0900] "GET /emp/detail?eno=7369 HTTP/1.1" 200 -
192.168.0.2 - - [25/May/2020:17:29:41 +0900] "GET /emp/detail?eno=7369 HTTP/1.1" 200 -
127.0.0.1 - - [25/May/2020:17:29:41 +0900] "GET / HTTP/1.1" 404 807
192.168.0.2 - - [25/May/2020:17:35:37 +0900] "GET /emp/detail?eno=7369 HTTP/1.1" 200 -
192.168.0.2 - - [25/May/2020:17:35:41 +0900] "GET /emp/detail?eno=7369 HTTP/1.1" 200 -
127.0.0.1 - - [25/May/2020:17:35:41 +0900] "GET / HTTP/1.1" 404 807
192.168.0.2 - - [25/May/2020:17:35:41 +0900] "GET /emp/detail?eno=7369 HTTP/1.1" 200 -
127.0.0.1 - - [25/May/2020:17:36:24 +0900] "GET / HTTP/1.1" 404 807
192.168.0.2 - - [25/May/2020:17:36:29 +0900] "GET /emp/detail?eno=7499 HTTP/1.1" 404 832
127.0.0.1 - - [25/May/2020:17:36:51 +0900] "GET / HTTP/1.1" 404 807
192.168.0.2 - - [25/May/2020:17:37:37 +0900] "GET /emp/detail?eno=7499 HTTP/1.1" 404 832
192.168.0.2 - - [25/May/2020:17:37:40 +0900] "GET /emp/detail HTTP/1.1" 404 832
192.168.0.2 - - [25/May/2020:17:37:49 +0900] "GET /emp/detail HTTP/1.1" 404 832
192.168.0.2 - - [25/May/2020:17:37:49 +0900] "GET /emp/detail HTTP/1.1" 404 832
192.168.0.2 - - [25/May/2020:17:37:52 +0900] "GET /emp/detail.jsp HTTP/1.1" 404 810
192.168.0.2 - - [25/May/2020:17:37:56 +0900] "GET /emp/detail.jsp HTTP/1.1" 404 810
192.168.0.2 - - [25/May/2020:17:37:57 +0900] "GET /emp/detail.jsp HTTP/1.1" 404 810
192.168.0.2 - - [25/May/2020:17:37:57 +0900] "GET /emp/detail.jsp HTTP/1.1" 404 810
192.168.0.2 - - [25/May/2020:17:37:58 +0900] "GET /emp/detail.jsp HTTP/1.1" 404 810
192.168.0.2 - - [25/May/2020:17:37:58 +0900] "GET /emp/detail.jsp HTTP/1.1" 404 810
192.168.0.2 - - [25/May/2020:17:38:07 +0900] "GET /emp/detail.jsp HTTP/1.1" 404 810
127.0.0.1 - - [25/May/2020:17:38:12 +0900] "GET / HTTP/1.1" 404 807
192.168.0.2 - - [25/May/2020:17:38:12 +0900] "GET /emp/detail.jsp HTTP/1.1" 404 810
192.168.0.2 - - [25/May/2020:17:38:28 +0900] "GET /emp/detail.jsp HTTP/1.1" 404 810
192.168.0.2 - - [25/May/2020:17:38:29 +0900] "GET /emp/detail.jsp HTTP/1.1" 404 810
192.168.0.2 - - [25/May/2020:17:38:42 +0900] "GET /detail.jsp HTTP/1.1" 404 802
192.168.0.2 - - [25/May/2020:17:38:47 +0900] "GET /emp/list HTTP/1.1" 200 3296
192.168.0.2 - - [25/May/2020:17:38:49 +0900] "GET /emp/detail?eno=7369 HTTP/1.1" 500 3006
192.168.0.2 - - [25/May/2020:17:38:57 +0900] "GET /emp/detail HTTP/1.1" 500 3006
192.168.0.2 - - [25/May/2020:17:39:37 +0900] "GET /list.jsp HTTP/1.1" 404 800
192.168.0.2 - - [25/May/2020:17:39:41 +0900] "GET /list HTTP/1.1" 404 811
192.168.0.2 - - [25/May/2020:17:39:44 +0900] "GET /emp/list HTTP/1.1" 200 3296
192.168.0.2 - - [25/May/2020:17:40:01 +0900] "GET /emp/detail HTTP/1.1" 500 3006
192.168.0.2 - - [25/May/2020:17:40:47 +0900] "GET /emp/detail HTTP/1.1" 200 637
192.168.0.2 - - [25/May/2020:17:40:51 +0900] "GET /emp/detail HTTP/1.1" 200 637
192.168.0.2 - - [25/May/2020:17:41:14 +0900] "GET /emp/detail HTTP/1.1" 200 841
192.168.0.2 - - [25/May/2020:17:41:22 +0900] "GET /emp/detail HTTP/1.1" 200 851
192.168.0.2 - - [25/May/2020:17:41:23 +0900] "GET /emp/detail HTTP/1.1" 200 851
192.168.0.2 - - [25/May/2020:17:41:24 +0900] "GET /emp/detail HTTP/1.1" 200 851
192.168.0.2 - - [25/May/2020:17:41:27 +0900] "GET /emp/detail HTTP/1.1" 200 851
127.0.0.1 - - [25/May/2020:17:41:27 +0900] "GET / HTTP/1.1" 404 807
192.168.0.2 - - [25/May/2020:17:41:27 +0900] "GET /emp/detail HTTP/1.1" 200 851
192.168.0.2 - - [25/May/2020:17:41:28 +0900] "GET /emp/detail HTTP/1.1" 200 851
192.168.0.2 - - [25/May/2020:17:42:48 +0900] "GET /emp/detail HTTP/1.1" 500 6559
192.168.0.2 - - [25/May/2020:17:42:48 +0900] "GET /emp/detail HTTP/1.1" 200 851
127.0.0.1 - - [25/May/2020:17:43:14 +0900] "GET / HTTP/1.1" 404 807
192.168.0.2 - - [25/May/2020:17:43:19 +0900] "GET /emp/detail HTTP/1.1" 500 6559
192.168.0.2 - - [25/May/2020:17:43:48 +0900] "GET /emp/detail HTTP/1.1" 500 6559
192.168.0.2 - - [25/May/2020:17:44:02 +0900] "GET /emp/detail HTTP/1.1" 500 6559
192.168.0.2 - - [25/May/2020:17:46:44 +0900] "GET /emp/detail HTTP/1.1" 500 6559
192.168.0.2 - - [25/May/2020:17:48:47 +0900] "GET /emp/detail HTTP/1.1" 500 4355
127.0.0.1 - - [25/May/2020:17:48:51 +0900] "GET / HTTP/1.1" 404 807
192.168.0.2 - - [25/May/2020:17:48:52 +0900] "GET /emp/detail HTTP/1.1" 500 3084
192.168.0.2 - - [25/May/2020:17:48:52 +0900] "GET /emp/detail HTTP/1.1" 500 3084
192.168.0.2 - - [25/May/2020:17:49:06 +0900] "GET /emp/detail HTTP/1.1" 500 3074
192.168.0.2 - - [25/May/2020:17:49:08 +0900] "GET /emp/list HTTP/1.1" 200 3296
192.168.0.2 - - [25/May/2020:17:49:10 +0900] "GET /emp/detail?eno=7369 HTTP/1.1" 500 3074
127.0.0.1 - - [25/May/2020:17:50:02 +0900] "GET / HTTP/1.1" 404 807
192.168.0.2 - - [25/May/2020:17:50:05 +0900] "GET /emp/detail?eno=7369 HTTP/1.1" 200 920
192.168.0.2 - - [25/May/2020:17:50:12 +0900] "GET /emp/list HTTP/1.1" 200 3296
192.168.0.2 - - [25/May/2020:17:50:28 +0900] "GET /emp/list HTTP/1.1" 200 3296
127.0.0.1 - - [25/May/2020:17:50:32 +0900] "GET / HTTP/1.1" 404 807
192.168.0.2 - - [25/May/2020:17:50:33 +0900] "GET /emp/list HTTP/1.1" 200 3296
192.168.0.2 - - [25/May/2020:17:50:36 +0900] "GET /emp/detail?eno=7499 HTTP/1.1" 200 926
192.168.0.2 - - [25/May/2020:17:51:33 +0900] "GET /emp/list HTTP/1.1" 200 3296
127.0.0.1 - - [25/May/2020:17:51:38 +0900] "GET / HTTP/1.1" 404 807
127.0.0.1 - - [25/May/2020:17:51:43 +0900] "GET / HTTP/1.1" 404 807
192.168.0.2 - - [25/May/2020:17:51:43 +0900] "GET /emp/list HTTP/1.1" 200 3334
127.0.0.1 - - [25/May/2020:17:51:57 +0900] "GET / HTTP/1.1" 404 807
192.168.0.2 - - [25/May/2020:17:51:57 +0900] "GET /emp/list HTTP/1.1" 200 3342
192.168.0.2 - - [25/May/2020:17:52:04 +0900] "GET /emp/list HTTP/1.1" 200 3348
192.168.0.2 - - [25/May/2020:17:53:39 +0900] "GET /emp/list HTTP/1.1" 200 3373
192.168.0.2 - - [25/May/2020:17:53:40 +0900] "GET /emp/insert HTTP/1.1" 404 821
192.168.0.2 - - [25/May/2020:17:56:47 +0900] "GET /emp/insert HTTP/1.1" 404 821
192.168.0.2 - - [25/May/2020:17:57:17 +0900] "GET /emp/insert HTTP/1.1" 404 821
127.0.0.1 - - [25/May/2020:17:57:22 +0900] "GET / HTTP/1.1" 404 807
192.168.0.2 - - [25/May/2020:17:57:24 +0900] "GET /emp/list HTTP/1.1" 200 3373
192.168.0.2 - - [25/May/2020:17:57:26 +0900] "GET /emp/insert HTTP/1.1" 200 351
192.168.0.2 - - [25/May/2020:17:58:21 +0900] "GET /emp/insert HTTP/1.1" 200 445
192.168.0.2 - - [25/May/2020:17:58:26 +0900] "GET /emp/insert HTTP/1.1" 200 445
192.168.0.2 - - [25/May/2020:17:58:58 +0900] "GET /emp/insert HTTP/1.1" 200 462
192.168.0.2 - - [25/May/2020:17:59:00 +0900] "POST /emp/insert HTTP/1.1" 405 829
192.168.0.2 - - [25/May/2020:17:59:03 +0900] "GET /emp/insert HTTP/1.1" 200 462
192.168.0.2 - - [25/May/2020:17:59:03 +0900] "POST /emp/insert HTTP/1.1" 405 829
127.0.0.1 - - [25/May/2020:17:59:07 +0900] "GET / HTTP/1.1" 404 807
192.168.0.2 - - [25/May/2020:17:59:10 +0900] "GET /emp/insert HTTP/1.1" 200 462
192.168.0.2 - - [25/May/2020:17:59:10 +0900] "POST /emp/insert HTTP/1.1" 405 829
192.168.0.2 - - [25/May/2020:17:59:55 +0900] "POST /emp/insert HTTP/1.1" 405 829
192.168.0.2 - - [25/May/2020:18:00:17 +0900] "GET /emp/list HTTP/1.1" 200 3373
192.168.0.2 - - [25/May/2020:18:00:19 +0900] "GET /emp/insert HTTP/1.1" 200 462
192.168.0.2 - - [25/May/2020:18:00:27 +0900] "POST /emp/insert HTTP/1.1" 405 829
192.168.0.2 - - [25/May/2020:18:01:18 +0900] "GET /emp/insert HTTP/1.1" 200 463
192.168.0.2 - - [25/May/2020:18:01:19 +0900] "POST /emp/insertt HTTP/1.1" 404 822
192.168.0.2 - - [25/May/2020:18:01:25 +0900] "POST /emp/insertt HTTP/1.1" 404 822
192.168.0.2 - - [25/May/2020:18:01:27 +0900] "GET /emp/insert HTTP/1.1" 200 462
192.168.0.2 - - [25/May/2020:18:01:27 +0900] "POST /emp/insert HTTP/1.1" 405 829
127.0.0.1 - - [25/May/2020:18:05:55 +0900] "GET / HTTP/1.1" 404 807
192.168.0.2 - - [25/May/2020:18:05:59 +0900] "GET /emp/list HTTP/1.1" 200 3373
192.168.0.2 - - [25/May/2020:18:06:02 +0900] "GET /emp/insert HTTP/1.1" 200 462
192.168.0.2 - - [25/May/2020:18:06:03 +0900] "POST /emp/insert HTTP/1.1" 405 829
192.168.0.2 - - [25/May/2020:18:09:17 +0900] "GET /emp/list HTTP/1.1" 200 3373
192.168.0.2 - - [25/May/2020:18:09:21 +0900] "GET /emp/insert HTTP/1.1" 200 462
192.168.0.2 - - [25/May/2020:18:10:49 +0900] "GET /emp/insert HTTP/1.1" 200 818
192.168.0.2 - - [25/May/2020:18:11:00 +0900] "POST /emp/insert HTTP/1.1" 405 829
192.168.0.2 - - [25/May/2020:19:06:03 +0900] "GET /emp/insert HTTP/1.1" 200 818
192.168.0.2 - - [25/May/2020:19:10:27 +0900] "GET /emp/insert HTTP/1.1" 200 818
192.168.0.2 - - [25/May/2020:19:16:13 +0900] "GET /emp/insert HTTP/1.1" 200 818
127.0.0.1 - - [25/May/2020:19:16:17 +0900] "GET / HTTP/1.1" 404 807
192.168.0.2 - - [25/May/2020:19:16:19 +0900] "GET /emp/insert HTTP/1.1" 200 938
127.0.0.1 - - [25/May/2020:19:24:12 +0900] "GET / HTTP/1.1" 404 807
192.168.0.2 - - [25/May/2020:19:24:13 +0900] "GET /emp/insert HTTP/1.1" 200 1227
192.168.0.2 - - [25/May/2020:19:24:14 +0900] "GET /emp/insert HTTP/1.1" 200 1227
192.168.0.2 - - [25/May/2020:19:24:25 +0900] "GET /emp/insert HTTP/1.1" 200 1227
127.0.0.1 - - [25/May/2020:19:25:25 +0900] "GET / HTTP/1.1" 404 807
192.168.0.2 - - [25/May/2020:19:25:27 +0900] "GET /emp/insert HTTP/1.1" 200 1323
192.168.0.2 - - [25/May/2020:19:25:27 +0900] "GET /emp/insert HTTP/1.1" 200 1323
192.168.0.2 - - [25/May/2020:19:25:28 +0900] "GET /emp/insert HTTP/1.1" 200 1323
192.168.0.2 - - [25/May/2020:19:25:29 +0900] "GET /emp/insert HTTP/1.1" 200 1323
192.168.0.2 - - [25/May/2020:19:25:30 +0900] "GET /emp/insert HTTP/1.1" 200 1323
192.168.0.2 - - [25/May/2020:19:25:39 +0900] "GET /emp/insert HTTP/1.1" 200 1324
127.0.0.1 - - [25/May/2020:19:25:43 +0900] "GET / HTTP/1.1" 404 807
192.168.0.2 - - [25/May/2020:19:25:43 +0900] "GET /emp/insert HTTP/1.1" 200 1324
192.168.0.2 - - [25/May/2020:19:25:45 +0900] "GET /emp/insert HTTP/1.1" 200 1324
192.168.0.2 - - [25/May/2020:19:25:45 +0900] "GET /emp/insert HTTP/1.1" 200 1324
192.168.0.2 - - [25/May/2020:19:25:46 +0900] "GET /emp/insert HTTP/1.1" 200 1324
192.168.0.2 - - [25/May/2020:19:25:46 +0900] "GET /emp/insert HTTP/1.1" 200 1324
192.168.0.2 - - [25/May/2020:19:25:47 +0900] "GET /emp/insert HTTP/1.1" 200 1324
192.168.0.2 - - [25/May/2020:19:25:47 +0900] "GET /emp/insert HTTP/1.1" 200 1324
192.168.0.2 - - [25/May/2020:19:25:51 +0900] "GET /emp/insert HTTP/1.1" 200 1324
192.168.0.2 - - [25/May/2020:19:26:15 +0900] "GET /emp/insert HTTP/1.1" 200 1323
127.0.0.1 - - [25/May/2020:19:26:21 +0900] "GET / HTTP/1.1" 404 807
192.168.0.2 - - [25/May/2020:19:26:27 +0900] "GET /emp/insert HTTP/1.1" 200 1323
192.168.0.2 - - [25/May/2020:19:26:29 +0900] "GET /emp/insert HTTP/1.1" 200 1323
192.168.0.2 - - [25/May/2020:19:26:30 +0900] "GET /emp/insert HTTP/1.1" 200 1323
192.168.0.2 - - [25/May/2020:19:26:31 +0900] "GET /emp/insert HTTP/1.1" 200 1323
192.168.0.2 - - [25/May/2020:19:27:14 +0900] "GET /emp/insert HTTP/1.1" 200 1348
192.168.0.2 - - [25/May/2020:19:27:15 +0900] "GET /emp/insert HTTP/1.1" 200 1348
192.168.0.2 - - [25/May/2020:19:27:18 +0900] "GET /emp/insert HTTP/1.1" 200 1348
192.168.0.2 - - [25/May/2020:19:27:22 +0900] "GET /emp/insert HTTP/1.1" 200 1348
192.168.0.2 - - [25/May/2020:19:27:27 +0900] "GET /emp/insert HTTP/1.1" 200 1348
192.168.0.2 - - [25/May/2020:19:27:28 +0900] "GET /emp/insert HTTP/1.1" 200 1348
127.0.0.1 - - [25/May/2020:19:27:28 +0900] "GET / HTTP/1.1" 404 807
192.168.0.2 - - [25/May/2020:19:27:29 +0900] "GET /emp/insert HTTP/1.1" 200 1348
192.168.0.2 - - [25/May/2020:19:27:29 +0900] "GET /emp/insert HTTP/1.1" 200 1348
192.168.0.2 - - [25/May/2020:19:27:29 +0900] "GET /emp/insert HTTP/1.1" 200 1348
192.168.0.2 - - [25/May/2020:19:27:29 +0900] "GET /emp/insert HTTP/1.1" 200 1348
192.168.0.2 - - [25/May/2020:19:27:29 +0900] "GET /emp/insert HTTP/1.1" 200 1348
192.168.0.2 - - [25/May/2020:19:28:00 +0900] "GET /emp/insert HTTP/1.1" 200 1344
192.168.0.2 - - [25/May/2020:19:28:01 +0900] "GET /emp/insert HTTP/1.1" 200 1344
192.168.0.2 - - [25/May/2020:19:28:02 +0900] "GET /emp/insert HTTP/1.1" 200 1344
192.168.0.2 - - [25/May/2020:19:28:02 +0900] "GET /emp/insert HTTP/1.1" 200 1344
192.168.0.2 - - [25/May/2020:19:28:04 +0900] "GET /emp/insert HTTP/1.1" 200 1344
192.168.0.2 - - [25/May/2020:19:28:04 +0900] "GET /favicon.ico HTTP/1.1" 404 818
192.168.0.2 - - [25/May/2020:19:28:04 +0900] "GET /emp/insert HTTP/1.1" 200 1344
192.168.0.2 - - [25/May/2020:19:28:04 +0900] "GET /favicon.ico HTTP/1.1" 404 818
192.168.0.2 - - [25/May/2020:19:28:04 +0900] "GET /emp/insert HTTP/1.1" 200 1344
192.168.0.2 - - [25/May/2020:19:28:04 +0900] "GET /favicon.ico HTTP/1.1" 404 818
192.168.0.2 - - [25/May/2020:19:28:04 +0900] "GET /emp/insert HTTP/1.1" 200 1344
192.168.0.2 - - [25/May/2020:19:28:04 +0900] "GET /favicon.ico HTTP/1.1" 404 818
192.168.0.2 - - [25/May/2020:19:28:05 +0900] "GET /emp/insert HTTP/1.1" 200 1344
192.168.0.2 - - [25/May/2020:19:28:05 +0900] "GET /favicon.ico HTTP/1.1" 404 818
192.168.0.2 - - [25/May/2020:19:28:05 +0900] "GET /emp/insert HTTP/1.1" 200 1344
192.168.0.2 - - [25/May/2020:19:28:05 +0900] "GET /favicon.ico HTTP/1.1" 404 818
127.0.0.1 - - [25/May/2020:19:28:08 +0900] "GET / HTTP/1.1" 404 807
192.168.0.2 - - [25/May/2020:19:28:10 +0900] "GET /emp/insert HTTP/1.1" 200 1344
192.168.0.2 - - [25/May/2020:19:28:10 +0900] "GET /emp/insert HTTP/1.1" 200 1344
192.168.0.2 - - [25/May/2020:19:28:10 +0900] "GET /favicon.ico HTTP/1.1" 404 818
192.168.0.2 - - [25/May/2020:19:28:10 +0900] "GET /emp/insert HTTP/1.1" 200 1344
192.168.0.2 - - [25/May/2020:19:28:10 +0900] "GET /favicon.ico HTTP/1.1" 404 818
192.168.0.2 - - [25/May/2020:19:29:07 +0900] "GET /emp/insert HTTP/1.1" 200 1342
192.168.0.2 - - [25/May/2020:19:29:15 +0900] "GET /emp/insert HTTP/1.1" 200 1342
192.168.0.2 - - [25/May/2020:19:29:17 +0900] "GET /emp/insert HTTP/1.1" 200 1342
192.168.0.2 - - [25/May/2020:19:29:18 +0900] "GET /emp/insert HTTP/1.1" 200 1342
127.0.0.1 - - [25/May/2020:19:29:21 +0900] "GET / HTTP/1.1" 404 807
192.168.0.2 - - [25/May/2020:19:29:22 +0900] "GET /emp/insert HTTP/1.1" 200 1343
192.168.0.2 - - [25/May/2020:19:29:23 +0900] "GET /emp/insert HTTP/1.1" 200 1343
192.168.0.2 - - [25/May/2020:19:29:24 +0900] "GET /emp/insert HTTP/1.1" 200 1343
192.168.0.2 - - [25/May/2020:19:29:25 +0900] "GET /emp/insert HTTP/1.1" 200 1343
192.168.0.2 - - [25/May/2020:19:29:57 +0900] "GET /emp/insert HTTP/1.1" 200 1405
192.168.0.2 - - [25/May/2020:19:30:13 +0900] "GET /emp/insert HTTP/1.1" 200 1404
192.168.0.2 - - [25/May/2020:19:30:14 +0900] "GET /emp/insert HTTP/1.1" 200 1404
192.168.0.2 - - [25/May/2020:19:30:23 +0900] "GET /emp/insert HTTP/1.1" 200 1404
192.168.0.2 - - [25/May/2020:19:30:23 +0900] "GET /emp/insert HTTP/1.1" 200 1404
192.168.0.2 - - [25/May/2020:19:30:23 +0900] "GET /favicon.ico HTTP/1.1" 404 818
192.168.0.2 - - [25/May/2020:19:30:30 +0900] "GET /emp/insert HTTP/1.1" 200 1404
192.168.0.2 - - [25/May/2020:19:30:52 +0900] "GET /emp/insert HTTP/1.1" 200 1399
192.168.0.2 - - [25/May/2020:19:31:22 +0900] "GET /emp/insert HTTP/1.1" 200 1405
192.168.0.2 - - [25/May/2020:19:31:24 +0900] "GET /emp/insert HTTP/1.1" 200 1405
192.168.0.2 - - [25/May/2020:19:31:33 +0900] "GET /emp/insert HTTP/1.1" 200 1405
192.168.0.2 - - [25/May/2020:19:31:34 +0900] "GET /emp/insert HTTP/1.1" 200 1405
192.168.0.2 - - [25/May/2020:19:32:01 +0900] "GET /emp/insert HTTP/1.1" 200 1405
192.168.0.2 - - [25/May/2020:19:32:02 +0900] "GET /emp/insert HTTP/1.1" 200 1405
192.168.0.2 - - [25/May/2020:19:32:03 +0900] "GET /emp/insert HTTP/1.1" 200 1405
192.168.0.2 - - [25/May/2020:19:32:05 +0900] "GET /emp/insert HTTP/1.1" 200 1405
192.168.0.2 - - [25/May/2020:19:32:06 +0900] "GET /emp/insert HTTP/1.1" 200 1405
192.168.0.2 - - [25/May/2020:19:32:08 +0900] "GET /emp/insert HTTP/1.1" 200 1405
192.168.0.2 - - [25/May/2020:19:32:08 +0900] "GET /emp/insert HTTP/1.1" 200 1405
192.168.0.2 - - [25/May/2020:19:32:08 +0900] "GET /favicon.ico HTTP/1.1" 404 818
127.0.0.1 - - [25/May/2020:19:32:12 +0900] "GET / HTTP/1.1" 404 807
192.168.0.2 - - [25/May/2020:19:32:12 +0900] "GET /emp/insert HTTP/1.1" 200 1474
192.168.0.2 - - [25/May/2020:19:32:13 +0900] "GET /emp/insert HTTP/1.1" 200 1474
192.168.0.2 - - [25/May/2020:19:32:26 +0900] "GET /emp/insert HTTP/1.1" 200 1468
192.168.0.2 - - [25/May/2020:19:32:31 +0900] "GET /emp/insert HTTP/1.1" 200 1468
192.168.0.2 - - [25/May/2020:19:32:32 +0900] "GET /emp/insert HTTP/1.1" 200 1468
192.168.0.2 - - [25/May/2020:19:32:32 +0900] "GET /favicon.ico HTTP/1.1" 404 818
192.168.0.2 - - [25/May/2020:19:32:46 +0900] "GET /emp/insert HTTP/1.1" 200 1468
192.168.0.2 - - [25/May/2020:19:32:50 +0900] "GET /emp/insert HTTP/1.1" 200 1468
192.168.0.2 - - [25/May/2020:19:32:50 +0900] "GET /emp/insert HTTP/1.1" 200 1468
192.168.0.2 - - [25/May/2020:19:32:51 +0900] "GET /favicon.ico HTTP/1.1" 404 818
192.168.0.2 - - [25/May/2020:19:32:53 +0900] "GET /emp/insert HTTP/1.1" 200 1468
192.168.0.2 - - [25/May/2020:19:32:53 +0900] "GET /favicon.ico HTTP/1.1" 404 818
192.168.0.2 - - [25/May/2020:19:32:54 +0900] "GET /emp/insert HTTP/1.1" 200 1468
192.168.0.2 - - [25/May/2020:19:32:54 +0900] "GET /favicon.ico HTTP/1.1" 404 818
192.168.0.2 - - [25/May/2020:19:32:54 +0900] "GET /emp/insert HTTP/1.1" 200 1468
192.168.0.2 - - [25/May/2020:19:32:54 +0900] "GET /favicon.ico HTTP/1.1" 404 818
192.168.0.2 - - [25/May/2020:19:33:04 +0900] "GET /emp/insert HTTP/1.1" 200 1468
192.168.0.2 - - [25/May/2020:19:33:05 +0900] "GET /emp/insert HTTP/1.1" 200 1468
192.168.0.2 - - [25/May/2020:19:33:05 +0900] "GET /emp/insert HTTP/1.1" 200 1468
192.168.0.2 - - [25/May/2020:19:33:05 +0900] "GET /favicon.ico HTTP/1.1" 404 818
192.168.0.2 - - [25/May/2020:19:33:06 +0900] "GET /emp/insert HTTP/1.1" 200 1468
192.168.0.2 - - [25/May/2020:19:33:06 +0900] "GET /favicon.ico HTTP/1.1" 404 818
192.168.0.2 - - [25/May/2020:19:33:09 +0900] "GET /emp/insert HTTP/1.1" 200 1468
192.168.0.2 - - [25/May/2020:19:33:09 +0900] "GET /favicon.ico HTTP/1.1" 404 818
192.168.0.2 - - [25/May/2020:19:33:09 +0900] "GET /emp/insert HTTP/1.1" 200 1468
127.0.0.1 - - [25/May/2020:19:33:13 +0900] "GET / HTTP/1.1" 404 807
192.168.0.2 - - [25/May/2020:19:33:13 +0900] "GET /emp/insert HTTP/1.1" 200 1468
192.168.0.2 - - [25/May/2020:19:33:13 +0900] "GET /favicon.ico HTTP/1.1" 404 818
192.168.0.2 - - [25/May/2020:19:33:14 +0900] "GET /emp/insert HTTP/1.1" 200 1468
192.168.0.2 - - [25/May/2020:19:33:14 +0900] "GET /favicon.ico HTTP/1.1" 404 818
192.168.0.2 - - [25/May/2020:19:33:21 +0900] "GET /emp/insert HTTP/1.1" 200 1468
192.168.0.2 - - [25/May/2020:19:33:28 +0900] "GET /emp/insert HTTP/1.1" 200 1468
192.168.0.2 - - [25/May/2020:19:33:28 +0900] "GET /emp/insert HTTP/1.1" 200 1468
192.168.0.2 - - [25/May/2020:19:33:28 +0900] "GET /favicon.ico HTTP/1.1" 404 818
192.168.0.2 - - [25/May/2020:19:33:43 +0900] "GET /emp/insert HTTP/1.1" 200 1468
192.168.0.2 - - [25/May/2020:19:33:47 +0900] "GET /emp/insert HTTP/1.1" 200 1468
192.168.0.2 - - [25/May/2020:19:33:47 +0900] "GET /emp/insert HTTP/1.1" 200 1468
192.168.0.2 - - [25/May/2020:19:33:47 +0900] "GET /favicon.ico HTTP/1.1" 404 818
192.168.0.2 - - [25/May/2020:19:33:50 +0900] "GET /emp/insert HTTP/1.1" 200 1468
192.168.0.2 - - [25/May/2020:19:33:50 +0900] "GET /favicon.ico HTTP/1.1" 404 818
192.168.0.2 - - [25/May/2020:19:33:54 +0900] "GET /emp/insert HTTP/1.1" 200 1468
192.168.0.2 - - [25/May/2020:19:33:55 +0900] "GET /emp/insert HTTP/1.1" 200 1468
192.168.0.2 - - [25/May/2020:19:33:55 +0900] "GET /favicon.ico HTTP/1.1" 404 818
192.168.0.2 - - [25/May/2020:19:34:04 +0900] "GET /emp/insert HTTP/1.1" 200 1468
192.168.0.2 - - [25/May/2020:19:34:05 +0900] "GET /favicon.ico HTTP/1.1" 404 818
192.168.0.2 - - [25/May/2020:19:34:20 +0900] "GET /emp/insert HTTP/1.1" 200 1468
192.168.0.2 - - [25/May/2020:19:34:20 +0900] "GET /favicon.ico HTTP/1.1" 404 818
192.168.0.2 - - [25/May/2020:19:34:23 +0900] "GET /emp/insert HTTP/1.1" 200 1468
192.168.0.2 - - [25/May/2020:19:34:23 +0900] "GET /favicon.ico HTTP/1.1" 404 818
192.168.0.2 - - [25/May/2020:19:34:26 +0900] "GET /emp/insert HTTP/1.1" 200 1468
192.168.0.2 - - [25/May/2020:19:34:26 +0900] "GET /favicon.ico HTTP/1.1" 404 818
192.168.0.2 - - [25/May/2020:19:34:30 +0900] "GET /emp/insert HTTP/1.1" 200 1468
192.168.0.2 - - [25/May/2020:19:34:30 +0900] "GET /favicon.ico HTTP/1.1" 404 818
127.0.0.1 - - [25/May/2020:19:34:30 +0900] "GET / HTTP/1.1" 404 807
192.168.0.2 - - [25/May/2020:19:34:32 +0900] "GET /emp/insert HTTP/1.1" 200 1468
192.168.0.2 - - [25/May/2020:19:34:32 +0900] "GET /favicon.ico HTTP/1.1" 404 818
192.168.0.2 - - [25/May/2020:19:34:33 +0900] "GET /emp/insert HTTP/1.1" 200 1468
192.168.0.2 - - [25/May/2020:19:34:33 +0900] "GET /favicon.ico HTTP/1.1" 404 818
192.168.0.2 - - [25/May/2020:19:34:33 +0900] "GET /emp/insert HTTP/1.1" 200 1468
192.168.0.2 - - [25/May/2020:19:34:33 +0900] "GET /favicon.ico HTTP/1.1" 404 818
192.168.0.2 - - [25/May/2020:19:34:34 +0900] "GET /emp/insert HTTP/1.1" 200 1468
192.168.0.2 - - [25/May/2020:19:34:34 +0900] "GET /favicon.ico HTTP/1.1" 404 818
192.168.0.2 - - [25/May/2020:19:34:36 +0900] "GET /emp/insert HTTP/1.1" 200 1468
192.168.0.2 - - [25/May/2020:19:34:36 +0900] "GET /favicon.ico HTTP/1.1" 404 818
192.168.0.2 - - [25/May/2020:19:34:37 +0900] "GET /emp/insert HTTP/1.1" 200 1468
192.168.0.2 - - [25/May/2020:19:34:37 +0900] "GET /favicon.ico HTTP/1.1" 404 818
192.168.0.2 - - [25/May/2020:19:34:37 +0900] "GET /emp/insert HTTP/1.1" 200 1468
192.168.0.2 - - [25/May/2020:19:34:37 +0900] "GET /favicon.ico HTTP/1.1" 404 818
192.168.0.2 - - [25/May/2020:19:34:38 +0900] "GET /emp/insert HTTP/1.1" 200 1468
192.168.0.2 - - [25/May/2020:19:34:38 +0900] "GET /favicon.ico HTTP/1.1" 404 818
192.168.0.2 - - [25/May/2020:19:34:38 +0900] "GET /emp/insert HTTP/1.1" 200 1468
192.168.0.2 - - [25/May/2020:19:34:38 +0900] "GET /favicon.ico HTTP/1.1" 404 818
192.168.0.2 - - [25/May/2020:19:34:38 +0900] "GET /emp/insert HTTP/1.1" 200 1468
192.168.0.2 - - [25/May/2020:19:34:38 +0900] "GET /favicon.ico HTTP/1.1" 404 818
192.168.0.2 - - [25/May/2020:19:34:54 +0900] "GET /emp/insert HTTP/1.1" 200 1468
192.168.0.2 - - [25/May/2020:19:34:54 +0900] "GET /emp/insert HTTP/1.1" 200 1468
192.168.0.2 - - [25/May/2020:19:34:54 +0900] "GET /favicon.ico HTTP/1.1" 404 818
192.168.0.2 - - [25/May/2020:20:09:08 +0900] "POST /emp/insert HTTP/1.1" 200 -
192.168.0.2 - - [25/May/2020:20:09:08 +0900] "GET /favicon.ico HTTP/1.1" 404 818
192.168.0.2 - - [25/May/2020:20:09:54 +0900] "POST /emp/insert HTTP/1.1" 200 -
127.0.0.1 - - [25/May/2020:20:09:59 +0900] "GET / HTTP/1.1" 404 807
192.168.0.2 - - [25/May/2020:20:10:01 +0900] "POST /emp/insert HTTP/1.1" 200 -
192.168.0.2 - - [25/May/2020:20:17:42 +0900] "GET /emp/insert HTTP/1.1" 200 1468
192.168.0.2 - - [25/May/2020:20:17:50 +0900] "POST /emp/insert HTTP/1.1" 200 -
192.168.0.2 - - [25/May/2020:20:17:51 +0900] "GET /emp/insert HTTP/1.1" 200 1468
192.168.0.2 - - [25/May/2020:20:27:50 +0900] "POST /emp/insert HTTP/1.1" 200 -
192.168.0.2 - - [25/May/2020:20:28:02 +0900] "GET /emp/insert HTTP/1.1" 200 1468
192.168.0.2 - - [25/May/2020:20:28:25 +0900] "POST /emp/insert HTTP/1.1" 200 -
192.168.0.2 - - [25/May/2020:20:28:26 +0900] "GET /emp/insert HTTP/1.1" 200 1468
192.168.0.2 - - [25/May/2020:20:28:33 +0900] "GET /emp/insert HTTP/1.1" 200 1468
192.168.0.2 - - [25/May/2020:20:28:33 +0900] "GET /favicon.ico HTTP/1.1" 404 818
192.168.0.2 - - [25/May/2020:20:28:53 +0900] "POST /emp/insert HTTP/1.1" 200 -
192.168.0.2 - - [25/May/2020:20:28:54 +0900] "GET /emp/insert HTTP/1.1" 200 1468
192.168.0.2 - - [25/May/2020:20:31:56 +0900] "GET /emp/insert HTTP/1.1" 200 1468
192.168.0.2 - - [25/May/2020:20:32:04 +0900] "GET /emp/insert HTTP/1.1" 200 1468
192.168.0.2 - - [25/May/2020:21:03:26 +0900] "POST /emp/insert HTTP/1.1" 200 -
192.168.0.2 - - [25/May/2020:21:05:24 +0900] "GET /emp/insert HTTP/1.1" 200 1468
192.168.0.2 - - [25/May/2020:21:05:33 +0900] "POST /emp/insert HTTP/1.1" 302 -
192.168.0.2 - - [25/May/2020:21:05:33 +0900] "GET /emp/list HTTP/1.1" 200 3786
192.168.0.2 - - [25/May/2020:21:05:36 +0900] "GET /emp/list HTTP/1.1" 200 3786
192.168.0.2 - - [25/May/2020:21:05:39 +0900] "GET /emp/detail?eno=7777 HTTP/1.1" 200 927
192.168.0.2 - - [25/May/2020:21:06:21 +0900] "GET /emp/list HTTP/1.1" 200 3786
192.168.0.2 - - [25/May/2020:21:26:25 +0900] "GET /member/join HTTP/1.1" 404 822
127.0.0.1 - - [25/May/2020:21:26:30 +0900] "GET / HTTP/1.1" 404 807
192.168.0.2 - - [25/May/2020:21:26:40 +0900] "GET /member/join HTTP/1.1" 404 822
192.168.0.2 - - [25/May/2020:21:26:44 +0900] "GET /member/join HTTP/1.1" 404 822
127.0.0.1 - - [25/May/2020:21:26:44 +0900] "GET / HTTP/1.1" 404 807
192.168.0.2 - - [25/May/2020:21:26:45 +0900] "GET /member/join HTTP/1.1" 404 822
192.168.0.2 - - [25/May/2020:21:26:46 +0900] "GET /member/join HTTP/1.1" 404 822
192.168.0.2 - - [25/May/2020:21:26:47 +0900] "GET /member/join HTTP/1.1" 404 822
192.168.0.2 - - [25/May/2020:21:26:49 +0900] "GET /member/join HTTP/1.1" 404 822
192.168.0.2 - - [25/May/2020:21:26:52 +0900] "GET /member/join HTTP/1.1" 404 822
192.168.0.2 - - [25/May/2020:21:26:53 +0900] "GET /member/join HTTP/1.1" 404 822
192.168.0.2 - - [25/May/2020:21:26:53 +0900] "GET /favicon.ico HTTP/1.1" 404 818
192.168.0.2 - - [25/May/2020:21:27:00 +0900] "GET /member/join HTTP/1.1" 404 822
192.168.0.2 - - [25/May/2020:21:27:00 +0900] "GET /member/join HTTP/1.1" 404 822
192.168.0.2 - - [25/May/2020:21:27:00 +0900] "GET /favicon.ico HTTP/1.1" 404 818
192.168.0.2 - - [25/May/2020:21:27:18 +0900] "GET /member/join HTTP/1.1" 404 822
192.168.0.2 - - [25/May/2020:21:27:18 +0900] "GET /favicon.ico HTTP/1.1" 404 818
192.168.0.2 - - [25/May/2020:21:27:19 +0900] "GET /member/join HTTP/1.1" 404 822
192.168.0.2 - - [25/May/2020:21:27:24 +0900] "GET /member/join HTTP/1.1" 404 822
127.0.0.1 - - [25/May/2020:21:27:24 +0900] "GET / HTTP/1.1" 404 807
192.168.0.2 - - [25/May/2020:21:27:25 +0900] "GET /member/join HTTP/1.1" 404 822
192.168.0.2 - - [25/May/2020:21:27:25 +0900] "GET /favicon.ico HTTP/1.1" 404 818
192.168.0.2 - - [25/May/2020:21:27:33 +0900] "GET /member/join/ HTTP/1.1" 404 827
192.168.0.2 - - [25/May/2020:21:27:35 +0900] "GET /member/join HTTP/1.1" 404 822
192.168.0.2 - - [25/May/2020:21:27:47 +0900] "GET /member/join HTTP/1.1" 404 822
192.168.0.2 - - [25/May/2020:21:28:05 +0900] "GET /member/join HTTP/1.1" 404 822
192.168.0.2 - - [25/May/2020:21:28:18 +0900] "GET /member/join HTTP/1.1" 404 822
192.168.0.2 - - [25/May/2020:21:28:18 +0900] "GET /member/join HTTP/1.1" 404 822
192.168.0.2 - - [25/May/2020:21:28:18 +0900] "GET /member/join HTTP/1.1" 404 822
192.168.0.2 - - [25/May/2020:21:28:19 +0900] "GET /member/join HTTP/1.1" 404 822
192.168.0.2 - - [25/May/2020:21:28:26 +0900] "GET /join HTTP/1.1" 404 811
192.168.0.2 - - [25/May/2020:21:28:30 +0900] "GET /emp/list HTTP/1.1" 404 819
192.168.0.2 - - [25/May/2020:21:28:37 +0900] "GET /member/join HTTP/1.1" 404 822
192.168.0.2 - - [25/May/2020:21:28:40 +0900] "GET /Member/join HTTP/1.1" 404 822
192.168.0.2 - - [25/May/2020:21:28:42 +0900] "GET /member/join HTTP/1.1" 404 822
192.168.0.2 - - [25/May/2020:21:29:43 +0900] "GET /member/join HTTP/1.1" 404 822
192.168.0.2 - - [25/May/2020:21:29:48 +0900] "GET /member/join HTTP/1.1" 404 822
192.168.0.2 - - [25/May/2020:21:29:48 +0900] "GET /favicon.ico HTTP/1.1" 404 818
192.168.0.2 - - [25/May/2020:21:30:10 +0900] "GET /member/join HTTP/1.1" 404 822
192.168.0.2 - - [25/May/2020:21:30:10 +0900] "GET /member/join HTTP/1.1" 404 822
192.168.0.2 - - [25/May/2020:21:30:11 +0900] "GET /member/join HTTP/1.1" 404 822
192.168.0.2 - - [25/May/2020:21:30:11 +0900] "GET /member/join HTTP/1.1" 404 822
192.168.0.2 - - [25/May/2020:21:30:11 +0900] "GET /member/join HTTP/1.1" 404 822
192.168.0.2 - - [25/May/2020:21:30:11 +0900] "GET /favicon.ico HTTP/1.1" 404 818
127.0.0.1 - - [25/May/2020:21:30:57 +0900] "GET / HTTP/1.1" 404 807
192.168.0.2 - - [25/May/2020:21:31:02 +0900] "GET /member/join HTTP/1.1" 404 822
192.168.0.2 - - [25/May/2020:21:31:03 +0900] "GET /member/join HTTP/1.1" 404 822
192.168.0.2 - - [25/May/2020:21:31:03 +0900] "GET /member/join HTTP/1.1" 404 822
192.168.0.2 - - [25/May/2020:21:31:03 +0900] "GET /member/join HTTP/1.1" 404 822
192.168.0.2 - - [25/May/2020:21:31:03 +0900] "GET /member/join HTTP/1.1" 404 822
192.168.0.2 - - [25/May/2020:21:31:10 +0900] "GET /member/join HTTP/1.1" 404 822
192.168.0.2 - - [25/May/2020:21:31:14 +0900] "GET /member/join HTTP/1.1" 404 822
127.0.0.1 - - [25/May/2020:21:31:14 +0900] "GET / HTTP/1.1" 404 807
192.168.0.2 - - [25/May/2020:21:31:14 +0900] "GET /favicon.ico HTTP/1.1" 404 818
192.168.0.2 - - [25/May/2020:21:31:15 +0900] "GET /member/join HTTP/1.1" 404 822
192.168.0.2 - - [25/May/2020:21:31:15 +0900] "GET /favicon.ico HTTP/1.1" 404 818
192.168.0.2 - - [25/May/2020:21:31:16 +0900] "GET /member/join HTTP/1.1" 404 822
192.168.0.2 - - [25/May/2020:21:31:16 +0900] "GET /favicon.ico HTTP/1.1" 404 818
192.168.0.2 - - [25/May/2020:21:31:16 +0900] "GET /member/join HTTP/1.1" 404 822
192.168.0.2 - - [25/May/2020:21:31:16 +0900] "GET /member/join HTTP/1.1" 404 822
192.168.0.2 - - [25/May/2020:21:31:17 +0900] "GET /member/join HTTP/1.1" 404 822
192.168.0.2 - - [25/May/2020:21:31:17 +0900] "GET /member/join HTTP/1.1" 404 822
192.168.0.2 - - [25/May/2020:21:31:17 +0900] "GET /member/join HTTP/1.1" 404 822
192.168.0.2 - - [25/May/2020:21:31:17 +0900] "GET /member/join HTTP/1.1" 404 822
192.168.0.2 - - [25/May/2020:21:31:17 +0900] "GET /member/join HTTP/1.1" 404 822
192.168.0.2 - - [25/May/2020:21:31:17 +0900] "GET /member/join HTTP/1.1" 404 822
192.168.0.2 - - [25/May/2020:21:31:17 +0900] "GET /member/join HTTP/1.1" 404 822
192.168.0.2 - - [25/May/2020:21:31:18 +0900] "GET /member/join HTTP/1.1" 404 822
192.168.0.2 - - [25/May/2020:21:31:18 +0900] "GET /member/join HTTP/1.1" 404 822
192.168.0.2 - - [25/May/2020:21:31:18 +0900] "GET /favicon.ico HTTP/1.1" 404 818
192.168.0.2 - - [25/May/2020:21:31:18 +0900] "GET /member/join HTTP/1.1" 404 822
192.168.0.2 - - [25/May/2020:21:31:18 +0900] "GET /favicon.ico HTTP/1.1" 404 818
192.168.0.2 - - [25/May/2020:21:31:18 +0900] "GET /member/join HTTP/1.1" 404 822
192.168.0.2 - - [25/May/2020:21:31:18 +0900] "GET /favicon.ico HTTP/1.1" 404 818
192.168.0.2 - - [25/May/2020:21:31:18 +0900] "GET /member/join HTTP/1.1" 404 822
192.168.0.2 - - [25/May/2020:21:31:18 +0900] "GET /favicon.ico HTTP/1.1" 404 818
192.168.0.2 - - [25/May/2020:21:31:19 +0900] "GET /member/join HTTP/1.1" 404 822
192.168.0.2 - - [25/May/2020:21:31:19 +0900] "GET /favicon.ico HTTP/1.1" 404 818
192.168.0.2 - - [25/May/2020:21:31:19 +0900] "GET /member/join HTTP/1.1" 404 822
192.168.0.2 - - [25/May/2020:21:31:19 +0900] "GET /favicon.ico HTTP/1.1" 404 818
192.168.0.2 - - [25/May/2020:21:31:19 +0900] "GET /member/join HTTP/1.1" 404 822
192.168.0.2 - - [25/May/2020:21:31:19 +0900] "GET /favicon.ico HTTP/1.1" 404 818
192.168.0.2 - - [25/May/2020:21:31:19 +0900] "GET /member/join HTTP/1.1" 404 822
192.168.0.2 - - [25/May/2020:21:31:19 +0900] "GET /favicon.ico HTTP/1.1" 404 818
192.168.0.2 - - [25/May/2020:21:31:19 +0900] "GET /member/join HTTP/1.1" 404 822
192.168.0.2 - - [25/May/2020:21:31:19 +0900] "GET /favicon.ico HTTP/1.1" 404 818
192.168.0.2 - - [25/May/2020:21:31:19 +0900] "GET /member/join HTTP/1.1" 404 822
192.168.0.2 - - [25/May/2020:21:31:19 +0900] "GET /favicon.ico HTTP/1.1" 404 818
192.168.0.2 - - [25/May/2020:21:31:25 +0900] "GET /member/join HTTP/1.1" 404 822
192.168.0.2 - - [25/May/2020:21:31:25 +0900] "GET /favicon.ico HTTP/1.1" 404 818
192.168.0.2 - - [25/May/2020:21:31:52 +0900] "GET /member/join HTTP/1.1" 404 822
192.168.0.2 - - [25/May/2020:21:32:04 +0900] "GET /member/join HTTP/1.1" 404 822
192.168.0.2 - - [25/May/2020:21:32:05 +0900] "GET /member/join HTTP/1.1" 404 822
192.168.0.2 - - [25/May/2020:21:32:05 +0900] "GET /member/join HTTP/1.1" 404 822
127.0.0.1 - - [25/May/2020:21:32:38 +0900] "GET / HTTP/1.1" 404 807
192.168.0.2 - - [25/May/2020:21:32:39 +0900] "GET /member/join HTTP/1.1" 404 822
192.168.0.2 - - [25/May/2020:21:32:39 +0900] "GET /member/join HTTP/1.1" 404 822
192.168.0.2 - - [25/May/2020:21:32:40 +0900] "GET /member/join HTTP/1.1" 404 822
192.168.0.2 - - [25/May/2020:21:32:40 +0900] "GET /member/join HTTP/1.1" 404 822
192.168.0.2 - - [25/May/2020:21:32:40 +0900] "GET /member/join HTTP/1.1" 404 822
192.168.0.2 - - [25/May/2020:21:32:40 +0900] "GET /member/join HTTP/1.1" 404 822
127.0.0.1 - - [25/May/2020:21:33:04 +0900] "GET / HTTP/1.1" 404 807
192.168.0.2 - - [25/May/2020:21:33:05 +0900] "GET /member/join HTTP/1.1" 200 128
192.168.0.2 - - [25/May/2020:21:34:26 +0900] "GET /Member/join HTTP/1.1" 404 822
192.168.0.2 - - [25/May/2020:21:34:26 +0900] "GET /favicon.ico HTTP/1.1" 404 818
192.168.0.2 - - [25/May/2020:21:34:27 +0900] "GET /Member/join HTTP/1.1" 404 822
192.168.0.2 - - [25/May/2020:21:34:29 +0900] "GET /member/join HTTP/1.1" 200 300
192.168.0.2 - - [25/May/2020:21:34:50 +0900] "GET /member/join HTTP/1.1" 200 315
192.168.0.2 - - [25/May/2020:21:36:07 +0900] "GET /member/join HTTP/1.1" 200 374
192.168.0.2 - - [25/May/2020:21:36:07 +0900] "GET /favicon.ico HTTP/1.1" 404 818
192.168.0.2 - - [25/May/2020:21:40:55 +0900] "GET /member/join HTTP/1.1" 200 428
192.168.0.2 - - [25/May/2020:21:40:56 +0900] "POST /member/join HTTP/1.1" 405 829
127.0.0.1 - - [25/May/2020:21:41:08 +0900] "GET / HTTP/1.1" 404 807
127.0.0.1 - - [25/May/2020:21:41:14 +0900] "GET / HTTP/1.1" 404 807
192.168.0.2 - - [25/May/2020:21:41:18 +0900] "GET /member/join HTTP/1.1" 200 428
192.168.0.2 - - [25/May/2020:21:41:18 +0900] "GET /member/join HTTP/1.1" 200 428
192.168.0.2 - - [25/May/2020:21:41:18 +0900] "GET /favicon.ico HTTP/1.1" 404 818
192.168.0.2 - - [25/May/2020:21:41:19 +0900] "POST /member/join HTTP/1.1" 200 -
192.168.0.2 - - [25/May/2020:21:48:17 +0900] "POST /member/join HTTP/1.1" 200 -
192.168.0.2 - - [25/May/2020:23:55:02 +0900] "GET /member/join HTTP/1.1" 200 428
192.168.0.2 - - [25/May/2020:23:55:16 +0900] "POST /member/join HTTP/1.1" 200 -
